// Jest Snapshot v1, https://goo.gl/fbAQLP

exports[`UniswapV3Pool gas tests fee is off #burn above current price burn entire position after some time passes 1`] = `67025`;

exports[`UniswapV3Pool gas tests fee is off #burn above current price burn when only position using ticks 1`] = `67025`;

exports[`UniswapV3Pool gas tests fee is off #burn above current price entire position burn but other positions are using the ticks 1`] = `99384`;

exports[`UniswapV3Pool gas tests fee is off #burn above current price partial position burn 1`] = `114384`;

exports[`UniswapV3Pool gas tests fee is off #burn around current price burn entire position after some time passes 1`] = `78487`;

exports[`UniswapV3Pool gas tests fee is off #burn around current price burn when only position using ticks 1`] = `75271`;

exports[`UniswapV3Pool gas tests fee is off #burn around current price entire position burn but other positions are using the ticks 1`] = `105475`;

exports[`UniswapV3Pool gas tests fee is off #burn around current price partial position burn 1`] = `120475`;

exports[`UniswapV3Pool gas tests fee is off #burn below current price burn entire position after some time passes 1`] = `72935`;

exports[`UniswapV3Pool gas tests fee is off #burn below current price burn when only position using ticks 1`] = `72935`;

exports[`UniswapV3Pool gas tests fee is off #burn below current price entire position burn but other positions are using the ticks 1`] = `100003`;

exports[`UniswapV3Pool gas tests fee is off #burn below current price partial position burn 1`] = `115003`;

exports[`UniswapV3Pool gas tests fee is off #collect close to worst case 1`] = `36125`;

exports[`UniswapV3Pool gas tests fee is off #increaseObservationCardinalityNext grow by 1 slot 1`] = `54618`;

exports[`UniswapV3Pool gas tests fee is off #increaseObservationCardinalityNext no op 1`] = `28170`;

exports[`UniswapV3Pool gas tests fee is off #mint above current price add to position after some time passes 1`] = `126262`;

exports[`UniswapV3Pool gas tests fee is off #mint above current price add to position existing 1`] = `126262`;

exports[`UniswapV3Pool gas tests fee is off #mint above current price new position mint first in range 1`] = `244960`;

exports[`UniswapV3Pool gas tests fee is off #mint above current price second position in same range 1`] = `143362`;

exports[`UniswapV3Pool gas tests fee is off #mint around current price add to position after some time passes 1`] = `166780`;

exports[`UniswapV3Pool gas tests fee is off #mint around current price add to position existing 1`] = `157547`;

exports[`UniswapV3Pool gas tests fee is off #mint around current price new position mint first in range 1`] = `347961`;

exports[`UniswapV3Pool gas tests fee is off #mint around current price second position in same range 1`] = `174647`;

exports[`UniswapV3Pool gas tests fee is off #mint below current price add to position after some time passes 1`] = `127320`;

exports[`UniswapV3Pool gas tests fee is off #mint below current price add to position existing 1`] = `127320`;

exports[`UniswapV3Pool gas tests fee is off #mint below current price new position mint first in range 1`] = `327184`;

exports[`UniswapV3Pool gas tests fee is off #mint below current price second position in same range 1`] = `144420`;

exports[`UniswapV3Pool gas tests fee is off #poke best case 1`] = `76681`;

exports[`UniswapV3Pool gas tests fee is off #snapshotCumulativesInside tick above 1`] = `40328`;

exports[`UniswapV3Pool gas tests fee is off #snapshotCumulativesInside tick below 1`] = `40272`;

exports[`UniswapV3Pool gas tests fee is off #snapshotCumulativesInside tick inside 1`] = `47639`;

exports[`UniswapV3Pool gas tests fee is off #swapExact0For1 first swap in block moves tick, no initialized crossings 1`] = `141582`;

exports[`UniswapV3Pool gas tests fee is off #swapExact0For1 first swap in block with no tick movement 1`] = `119548`;

exports[`UniswapV3Pool gas tests fee is off #swapExact0For1 first swap in block, large swap crossing a single initialized tick 1`] = `158160`;

exports[`UniswapV3Pool gas tests fee is off #swapExact0For1 first swap in block, large swap crossing several initialized ticks 1`] = `187941`;

exports[`UniswapV3Pool gas tests fee is off #swapExact0For1 first swap in block, large swap, no initialized crossings 1`] = `160870`;

exports[`UniswapV3Pool gas tests fee is off #swapExact0For1 large swap crossing several initialized ticks after some time passes 1`] = `187941`;

exports[`UniswapV3Pool gas tests fee is off #swapExact0For1 large swap crossing several initialized ticks second time after some time passes 1`] = `247941`;

exports[`UniswapV3Pool gas tests fee is off #swapExact0For1 second swap in block moves tick, no initialized crossings 1`] = `141582`;

exports[`UniswapV3Pool gas tests fee is off #swapExact0For1 second swap in block with no tick movement 1`] = `119659`;

exports[`UniswapV3Pool gas tests fee is off #swapExact0For1 second swap in block, large swap crossing a single initialized tick 1`] = `142353`;

exports[`UniswapV3Pool gas tests fee is off #swapExact0For1 second swap in block, large swap crossing several initialized ticks 1`] = `172111`;

exports[`UniswapV3Pool gas tests fee is on #burn above current price burn entire position after some time passes 1`] = `67025`;

exports[`UniswapV3Pool gas tests fee is on #burn above current price burn when only position using ticks 1`] = `67025`;

exports[`UniswapV3Pool gas tests fee is on #burn above current price entire position burn but other positions are using the ticks 1`] = `99384`;

exports[`UniswapV3Pool gas tests fee is on #burn above current price partial position burn 1`] = `114384`;

exports[`UniswapV3Pool gas tests fee is on #burn around current price burn entire position after some time passes 1`] = `78487`;

exports[`UniswapV3Pool gas tests fee is on #burn around current price burn when only position using ticks 1`] = `75271`;

exports[`UniswapV3Pool gas tests fee is on #burn around current price entire position burn but other positions are using the ticks 1`] = `105475`;

exports[`UniswapV3Pool gas tests fee is on #burn around current price partial position burn 1`] = `120475`;

exports[`UniswapV3Pool gas tests fee is on #burn below current price burn entire position after some time passes 1`] = `72935`;

exports[`UniswapV3Pool gas tests fee is on #burn below current price burn when only position using ticks 1`] = `72935`;

exports[`UniswapV3Pool gas tests fee is on #burn below current price entire position burn but other positions are using the ticks 1`] = `100003`;

exports[`UniswapV3Pool gas tests fee is on #burn below current price partial position burn 1`] = `115003`;

exports[`UniswapV3Pool gas tests fee is on #collect close to worst case 1`] = `36125`;

exports[`UniswapV3Pool gas tests fee is on #increaseObservationCardinalityNext grow by 1 slot 1`] = `54618`;

exports[`UniswapV3Pool gas tests fee is on #increaseObservationCardinalityNext no op 1`] = `28170`;

exports[`UniswapV3Pool gas tests fee is on #mint above current price add to position after some time passes 1`] = `126262`;

exports[`UniswapV3Pool gas tests fee is on #mint above current price add to position existing 1`] = `126262`;

exports[`UniswapV3Pool gas tests fee is on #mint above current price new position mint first in range 1`] = `244960`;

exports[`UniswapV3Pool gas tests fee is on #mint above current price second position in same range 1`] = `143362`;

exports[`UniswapV3Pool gas tests fee is on #mint around current price add to position after some time passes 1`] = `166780`;

exports[`UniswapV3Pool gas tests fee is on #mint around current price add to position existing 1`] = `157547`;

exports[`UniswapV3Pool gas tests fee is on #mint around current price new position mint first in range 1`] = `347961`;

exports[`UniswapV3Pool gas tests fee is on #mint around current price second position in same range 1`] = `174647`;

exports[`UniswapV3Pool gas tests fee is on #mint below current price add to position after some time passes 1`] = `127320`;

exports[`UniswapV3Pool gas tests fee is on #mint below current price add to position existing 1`] = `127320`;

exports[`UniswapV3Pool gas tests fee is on #mint below current price new position mint first in range 1`] = `327184`;

exports[`UniswapV3Pool gas tests fee is on #mint below current price second position in same range 1`] = `144420`;

exports[`UniswapV3Pool gas tests fee is on #poke best case 1`] = `76681`;

exports[`UniswapV3Pool gas tests fee is on #snapshotCumulativesInside tick above 1`] = `40328`;

exports[`UniswapV3Pool gas tests fee is on #snapshotCumulativesInside tick below 1`] = `40272`;

exports[`UniswapV3Pool gas tests fee is on #snapshotCumulativesInside tick inside 1`] = `47639`;

exports[`UniswapV3Pool gas tests fee is on #swapExact0For1 first swap in block moves tick, no initialized crossings 1`] = `146975`;

exports[`UniswapV3Pool gas tests fee is on #swapExact0For1 first swap in block with no tick movement 1`] = `124791`;

exports[`UniswapV3Pool gas tests fee is on #swapExact0For1 first swap in block, large swap crossing a single initialized tick 1`] = `163703`;

exports[`UniswapV3Pool gas tests fee is on #swapExact0For1 first swap in block, large swap crossing several initialized ticks 1`] = `193934`;

exports[`UniswapV3Pool gas tests fee is on #swapExact0For1 first swap in block, large swap, no initialized crossings 1`] = `166563`;

exports[`UniswapV3Pool gas tests fee is on #swapExact0For1 large swap crossing several initialized ticks after some time passes 1`] = `193934`;

exports[`UniswapV3Pool gas tests fee is on #swapExact0For1 large swap crossing several initialized ticks second time after some time passes 1`] = `253934`;

exports[`UniswapV3Pool gas tests fee is on #swapExact0For1 second swap in block moves tick, no initialized crossings 1`] = `146975`;

exports[`UniswapV3Pool gas tests fee is on #swapExact0For1 second swap in block with no tick movement 1`] = `124902`;

exports[`UniswapV3Pool gas tests fee is on #swapExact0For1 second swap in block, large swap crossing a single initialized tick 1`] = `147746`;

exports[`UniswapV3Pool gas tests fee is on #swapExact0For1 second swap in block, large swap crossing several initialized ticks 1`] = `177954`;
