// Jest Snapshot v1, https://goo.gl/fbAQLP

exports[`UniswapV3Factory #createPool gas 1`] = `3374101`;

exports[`UniswapV3Factory factory bytecode size 1`] = `1713`;

exports[`UniswapV3Factory pool bytecode size 1`] = `16229`;
